[demo2.chethemes.com/html/kybook/index.html]
[backblue.gif]
[fade.gif]
[index.html]
[demo2.chethemes.com/html/kybook/assets/css/bootstrap.min.css]
[demo2.chethemes.com/html/kybook/assets/css/main.css]
[demo2.chethemes.com/html/kybook/assets/css/green.css]
[demo2.chethemes.com/html/kybook/assets/css/bootstrap-select.min.css]
[demo2.chethemes.com/html/kybook/assets/css/font-awesome.min.css]
[demo2.chethemes.com/html/kybook/assets/css/owl.carousel.css]
[demo2.chethemes.com/html/kybook/assets/css/owl.transitions.css]
[demo2.chethemes.com/html/kybook/assets/css/animate.min.css]
[demo2.chethemes.com/html/kybook/assets/css/jquery-ui.min.css]
[demo2.chethemes.com/html/kybook/assets/css/elegant-fonts.css]
[demo2.chethemes.com/html/kybook/assets/images/favicon.ico]
[demo2.chethemes.com/html/kybook/detail.html]
[demo2.chethemes.com/html/kybook/assets/images/books/small-image1.jpg]
[demo2.chethemes.com/html/kybook/assets/images/books/small-image2.jpg]
[demo2.chethemes.com/html/kybook/checkout.html]
[demo2.chethemes.com/html/kybook/contact.html]
[demo2.chethemes.com/html/kybook/category.html]
[demo2.chethemes.com/html/kybook/cart.html]
[demo2.chethemes.com/html/kybook/404.html]
[demo2.chethemes.com/html/kybook/assets/images/shopping-cart.png]
[demo2.chethemes.com/html/kybook/assets/images/slider-images/slider-image1.jpg]
[demo2.chethemes.com/html/kybook/assets/images/blank.gif]
[demo2.chethemes.com/html/kybook/assets/images/top-scroll.png]
[demo2.chethemes.com/html/kybook/assets/images/payments/visa.png]
[demo2.chethemes.com/html/kybook/assets/images/payments/mastercard.png]
[demo2.chethemes.com/html/kybook/assets/images/payments/paypal.png]
[demo2.chethemes.com/html/kybook/assets/images/payments/ebay.png]
[demo2.chethemes.com/html/kybook/assets/images/payments/americanexpress.png]
[demo2.chethemes.com/html/kybook/assets/js/bootstrap.min.js]
[demo2.chethemes.com/html/kybook/assets/js/jquery-1.12.0.min.js]
[demo2.chethemes.com/html/kybook/assets/js/bootstrap-hover-dropdown.min.js]
[demo2.chethemes.com/html/kybook/assets/js/echo.min.js]
[demo2.chethemes.com/html/kybook/assets/js/jquery.easing.min.js]
[demo2.chethemes.com/html/kybook/assets/js/owl.carousel.min.js]
[demo2.chethemes.com/html/kybook/assets/js/wow.min.js]
[demo2.chethemes.com/html/kybook/assets/js/bootstrap-select.min.js]
[demo2.chethemes.com/html/kybook/index.html]
[demo2.chethemes.com/html/kybook/assets/js/scripts.js]
[demo2.chethemes.com/html/kybook/assets/js/jquery-ui.min.js]
[demo2.chethemes.com/html/kybook/assets/fonts/glyphicons-halflings-regular.eot]
[demo2.chethemes.com/html/kybook/assets/fonts/glyphicons-halflings-regulard41d.eot]
[demo2.chethemes.com/html/kybook/assets/fonts/glyphicons-halflings-regular.woff]
[demo2.chethemes.com/html/kybook/assets/fonts/glyphicons-halflings-regular.ttf]
[demo2.chethemes.com/html/kybook/assets/css/bootstrap.min.css]
[demo2.chethemes.com/html/kybook/assets/fonts/glyphicons-halflings-regular.svg]
[demo2.chethemes.com/html/kybook/assets/images/ajax.gif]
[demo2.chethemes.com/html/kybook/assets/fonts/roboto-black.woff]
[demo2.chethemes.com/html/kybook/assets/fonts/roboto-black.ttf]
[demo2.chethemes.com/html/kybook/assets/fonts/roboto-black.svg]
[demo2.chethemes.com/html/kybook/assets/fonts/roboto-black.eot]
[demo2.chethemes.com/html/kybook/assets/images/brandhover.png]
[demo2.chethemes.com/html/kybook/assets/filters.svg]
[demo2.chethemes.com/html/kybook/assets/images/shelf.png]
[demo2.chethemes.com/html/kybook/assets/css/main.css]
[demo2.chethemes.com/html/kybook/assets/css/green.css]
[demo2.chethemes.com/html/kybook/assets/css/bootstrap-select.min.css]
[demo2.chethemes.com/html/kybook/assets/fonts/fontawesome-webfont3295.eot]
[demo2.chethemes.com/html/kybook/assets/fonts/fontawesome-webfontd41d.eot]
[demo2.chethemes.com/html/kybook/assets/fonts/fontawesome-webfont3295.woff]
[demo2.chethemes.com/html/kybook/assets/fonts/fontawesome-webfont3295.ttf]
[demo2.chethemes.com/html/kybook/assets/css/font-awesome.min.css]
[demo2.chethemes.com/html/kybook/assets/css/owl.carousel.css]
[demo2.chethemes.com/html/kybook/assets/css/owl.transitions.css]
[demo2.chethemes.com/html/kybook/assets/css/animate.min.css]
[demo2.chethemes.com/html/kybook/assets/fonts/fontawesome-webfont3295.svg]
[demo2.chethemes.com/html/kybook/assets/css/jquery-ui.min.css]
[demo2.chethemes.com/html/kybook/assets/fonts/ElegantIcons.eot]
[demo2.chethemes.com/html/kybook/assets/fonts/ElegantIconsd41d.eot]
[demo2.chethemes.com/html/kybook/assets/fonts/ElegantIcons.ttf]
[demo2.chethemes.com/html/kybook/assets/css/elegant-fonts.css]
[demo2.chethemes.com/html/kybook/assets/images/relate-books/1.jpg]
[demo2.chethemes.com/html/kybook/assets/fonts/ElegantIcons.svg]
[demo2.chethemes.com/html/kybook/assets/fonts/ElegantIcons.woff]
[demo2.chethemes.com/html/kybook/assets/images/relate-books/2.jpg]
[demo2.chethemes.com/html/kybook/assets/images/relate-books/3.jpg]
[demo2.chethemes.com/html/kybook/assets/images/relate-books/4.jpg]
[demo2.chethemes.com/html/kybook/assets/images/relate-books/5.jpg]
[demo2.chethemes.com/html/kybook/assets/images/relate-books/6.jpg]
[demo2.chethemes.com/html/kybook/assets/images/relate-books/7.jpg]
[demo2.chethemes.com/html/kybook/assets/images/relate-books/8.jpg]
[demo2.chethemes.com/html/kybook/detail.html]
[demo2.chethemes.com/html/kybook/checkout.html]
[demo2.chethemes.com/html/kybook/home.html]
[demo2.chethemes.com/html/kybook/contact.html]
[demo2.chethemes.com/html/kybook/assets/images/books/4.jpg]
[demo2.chethemes.com/html/kybook/assets/images/books/10.jpg]
[demo2.chethemes.com/html/kybook/assets/images/books/3.jpg]
[demo2.chethemes.com/html/kybook/assets/images/books/12.jpg]
[demo2.chethemes.com/html/kybook/category.html]
[demo2.chethemes.com/html/kybook/cart.html]
[demo2.chethemes.com/html/kybook/404.html]
[demo2.chethemes.com/html/kybook/assets/js/jquery-1.12.0.min.js]
[demo2.chethemes.com/html/kybook/assets/js/bootstrap.min.js]
[demo2.chethemes.com/html/kybook/assets/js/bootstrap-hover-dropdown.min.js]
[demo2.chethemes.com/html/kybook/assets/js/echo.min.js]
[demo2.chethemes.com/html/kybook/assets/js/jquery.easing.min.js]
[demo2.chethemes.com/html/kybook/assets/js/owl.carousel.min.js]
[demo2.chethemes.com/html/kybook/assets/js/wow.min.js]
[demo2.chethemes.com/html/kybook/assets/js/bootstrap-select.min.js]
[demo2.chethemes.com/html/kybook/assets/js/jquery-ui.min.js]
[demo2.chethemes.com/html/kybook/assets/js/scripts.js]
[demo2.chethemes.com/html/kybook/assets/fonts/glyphicons-halflings-regular.html]
[demo2.chethemes.com/html/kybook/assets/fonts/glyphicons-halflings-regular.svg]
[demo2.chethemes.com/html/kybook/assets/fonts/roboto-black.svg]
[demo2.chethemes.com/html/kybook/assets/css/images/ui-bg_glass_75_d75f33_1x400.html]
[demo2.chethemes.com/html/kybook/assets/css/images/ui-bg_highlight-soft_75_d75f33_1x100.html]
[demo2.chethemes.com/html/kybook/assets/filters.svg]
[demo2.chethemes.com/html/kybook/assets/css/images/ui-bg_flat_75_f3f3f3_40x100.html]
[demo2.chethemes.com/html/kybook/assets/fonts/fontawesome-webfont3295.html]
[demo2.chethemes.com/html/kybook/assets/fonts/fontawesome-webfont3295.svg]
[demo2.chethemes.com/html/kybook/assets/css/grabbing.html]
[demo2.chethemes.com/html/kybook/assets/css/images/ui-bg_highlight-soft_100_eeeeee_1x100.html]
[demo2.chethemes.com/html/kybook/assets/css/images/ui-bg_gloss-wave_35_f6a828_500x100.html]
[demo2.chethemes.com/html/kybook/assets/css/images/ui-bg_glass_100_f6f6f6_1x400.html]
[demo2.chethemes.com/html/kybook/assets/css/images/ui-bg_glass_100_fdf5ce_1x400.html]
[demo2.chethemes.com/html/kybook/assets/css/images/ui-bg_glass_65_ffffff_1x400.html]
[demo2.chethemes.com/html/kybook/assets/css/images/ui-bg_highlight-soft_75_ffe45c_1x100.html]
[demo2.chethemes.com/html/kybook/assets/css/images/ui-bg_diagonals-thick_18_b81900_40x40.html]
[demo2.chethemes.com/html/kybook/assets/css/images/ui-icons_222222_256x240.html]
[demo2.chethemes.com/html/kybook/assets/css/images/ui-icons_ffffff_256x240.html]
[demo2.chethemes.com/html/kybook/assets/css/images/ui-icons_ef8c08_256x240.html]
[demo2.chethemes.com/html/kybook/assets/css/images/ui-icons_228ef1_256x240.html]
[demo2.chethemes.com/html/kybook/assets/css/images/ui-icons_ffd27a_256x240.html]
[demo2.chethemes.com/html/kybook/assets/css/images/ui-bg_diagonals-thick_20_666666_40x40.html]
[demo2.chethemes.com/html/kybook/assets/css/images/ui-bg_flat_10_000000_40x100.html]
[demo2.chethemes.com/html/kybook/assets/fonts/ElegantIcons.svg]
[demo2.chethemes.com/html/kybook/Popover requires tooltip.html]
